VCD info: dumpfile saida.vcd opened for output.
Iniciando Testbench...
Total de linhas lidas: 20
=== OK  RS1[5] DADO: xxxxxxxx (EXP: xxxxxxxx)
=== OK  RS2[7] DADO: xxxxxxxx (EXP: xxxxxxxx)
=== OK MEM_DADO: xxxxxxxx (EXP: xxxxxxxx)
=== OK  RS1[21] DADO: xxxxxxxx (EXP: xxxxxxxx)
=== OK  RS2[13] DADO: xxxxxxxx (EXP: xxxxxxxx)
=== OK MEM_DADO: xxxxxxxx (EXP: xxxxxxxx)
=== OK  RS1[5] DADO: xxxxxxxx (EXP: xxxxxxxx)
=== OK  RS2[25] DADO: xxxxxxxx (EXP: xxxxxxxx)
=== OK MEM_DADO: xxxxxxxx (EXP: xxxxxxxx)
=== OK  RS1[28] DADO: xxxxxxxx (EXP: xxxxxxxx)
=== OK  RS2[28] DADO: xxxxxxxx (EXP: xxxxxxxx)
=== OK MEM_DADO: xxxxxxxx (EXP: xxxxxxxx)
=== OK  RS1[29] DADO: xxxxxxxx (EXP: xxxxxxxx)
=== OK  RS2[7] DADO: xxxxxxxx (EXP: xxxxxxxx)
=== OK MEM_DADO: xxxxxxxx (EXP: xxxxxxxx)
=== OK  RS1[29] DADO: xxxxxxxx (EXP: xxxxxxxx)
=== OK  RS2[3] DADO: xxxxxxxx (EXP: xxxxxxxx)
=== OK MEM_DADO: xxxxxxxx (EXP: xxxxxxxx)
=== OK  RS1[20] DADO: xxxxxxxx (EXP: xxxxxxxx)
=== OK  RS2[2] DADO: xxxxxxxx (EXP: xxxxxxxx)
=== OK MEM_DADO: xxxxxxxx (EXP: xxxxxxxx)
=== OK  RS1[14] DADO: xxxxxxxx (EXP: xxxxxxxx)
=== OK  RS2[15] DADO: xxxxxxxx (EXP: xxxxxxxx)
=== OK MEM_DADO: xxxxxxxx (EXP: xxxxxxxx)
=== OK  RS1[28] DADO: ea2357ad (EXP: ea2357ad)
=== OK  RS2[22] DADO: xxxxxxxx (EXP: xxxxxxxx)
=== OK MEM_DADO: xxxxxxxx (EXP: xxxxxxxx)
=== OK  RS1[1] DADO: xxxxxxxx (EXP: xxxxxxxx)
=== OK  RS2[6] DADO: cd180bd4 (EXP: cd180bd4)
=== OK MEM_DADO: xxxxxxxx (EXP: xxxxxxxx)
=== OK  RS1[17] DADO: xxxxxxxx (EXP: xxxxxxxx)
=== OK  RS2[30] DADO: xxxxxxxx (EXP: xxxxxxxx)
=== OK MEM_DADO: xxxxxxxx (EXP: xxxxxxxx)
=== OK  RS1[14] DADO: xxxxxxxx (EXP: xxxxxxxx)
=== OK  RS2[2] DADO: xxxxxxxx (EXP: xxxxxxxx)
=== OK MEM_DADO: xxxxxxxx (EXP: xxxxxxxx)
=== OK  RS1[9] DADO: c1662446 (EXP: c1662446)
=== OK  RS2[3] DADO: xxxxxxxx (EXP: xxxxxxxx)
=== OK MEM_DADO: xxxxxxxx (EXP: xxxxxxxx)
=== OK  RS1[13] DADO: 7d9d141b (EXP: 7d9d141b)
=== OK  RS2[8] DADO: 456141c0 (EXP: 456141c0)
=== OK MEM_DADO: xxxxxxxx (EXP: xxxxxxxx)
=== OK  RS1[8] DADO: 456141c0 (EXP: 456141c0)
=== OK  RS2[0] DADO: 00000000 (EXP: 00000000)
=== OK MEM_DADO: xxxxxxxx (EXP: xxxxxxxx)
=== OK  RS1[30] DADO: xxxxxxxx (EXP: xxxxxxxx)
=== OK  RS2[27] DADO: xxxxxxxx (EXP: xxxxxxxx)
=== OK MEM_DADO: xxxxxxxx (EXP: xxxxxxxx)
=== OK  RS1[22] DADO: 96d7db2f (EXP: 96d7db2f)
=== OK  RS2[15] DADO: xxxxxxxx (EXP: xxxxxxxx)
=== OK MEM_DADO: xxxxxxxx (EXP: xxxxxxxx)
=== OK  RS1[3] DADO: xxxxxxxx (EXP: xxxxxxxx)
=== OK  RS2[24] DADO: xxxxxxxx (EXP: xxxxxxxx)
=== OK MEM_DADO: xxxxxxxx (EXP: xxxxxxxx)
=== OK  RS1[10] DADO: xxxxxxxx (EXP: xxxxxxxx)
=== OK  RS2[19] DADO: 05ae14c6 (EXP: 05ae14c6)
=== OK MEM_DADO: 0fbeaa63 (EXP: 0fbeaa63)
=== OK  RS1[26] DADO: b848c2e4 (EXP: b848c2e4)
=== OK  RS2[25] DADO: xxxxxxxx (EXP: xxxxxxxx)
=== OK MEM_DADO: xxxxxxxx (EXP: xxxxxxxx)
Testbench finalizado com sucesso.
tb.v:201: $finish called at 1010000 (1ps)
