VCD info: dumpfile saida.vcd opened for output.
Iniciando Testbench...
Total de linhas lidas: 20
=== OK  RS1[23] DADO: xxxxxxxx (EXP: xxxxxxxx)
=== OK  RS2[27] DADO: xxxxxxxx (EXP: xxxxxxxx)
=== OK MEM_DADO: xxxxxxxx (EXP: xxxxxxxx)
=== OK  RS1[22] DADO: xxxxxxxx (EXP: xxxxxxxx)
=== OK  RS2[28] DADO: xxxxxxxx (EXP: xxxxxxxx)
=== OK MEM_DADO: xxxxxxxx (EXP: xxxxxxxx)
=== OK  RS1[8] DADO: xxxxxxxx (EXP: xxxxxxxx)
=== OK  RS2[11] DADO: xxxxxxxx (EXP: xxxxxxxx)
=== OK MEM_DADO: xxxxxxxx (EXP: xxxxxxxx)
=== OK  RS1[9] DADO: xxxxxxxx (EXP: xxxxxxxx)
=== OK  RS2[23] DADO: xxxxxxxx (EXP: xxxxxxxx)
=== OK MEM_DADO: xxxxxxxx (EXP: xxxxxxxx)
=== OK  RS1[18] DADO: xxxxxxxx (EXP: xxxxxxxx)
=== OK  RS2[20] DADO: xxxxxxxx (EXP: xxxxxxxx)
=== OK MEM_DADO: xxxxxxxx (EXP: xxxxxxxx)
=== OK  RS1[9] DADO: xxxxxxxx (EXP: xxxxxxxx)
=== OK  RS2[1] DADO: xxxxxxxx (EXP: xxxxxxxx)
=== OK MEM_DADO: xxxxxxxx (EXP: xxxxxxxx)
=== OK  RS1[30] DADO: xxxxxxxx (EXP: xxxxxxxx)
=== OK  RS2[28] DADO: a07033b7 (EXP: a07033b7)
=== OK MEM_DADO: xxxxxxxx (EXP: xxxxxxxx)
=== OK  RS1[25] DADO: xxxxxxxx (EXP: xxxxxxxx)
=== OK  RS2[30] DADO: xxxxxxxx (EXP: xxxxxxxx)
=== OK MEM_DADO: xxxxxxxx (EXP: xxxxxxxx)
=== OK  RS1[11] DADO: xxxxxxxx (EXP: xxxxxxxx)
=== OK  RS2[29] DADO: xxxxxxxx (EXP: xxxxxxxx)
=== OK MEM_DADO: xxxxxxxx (EXP: xxxxxxxx)
=== OK  RS1[10] DADO: xxxxxxxx (EXP: xxxxxxxx)
=== OK  RS2[18] DADO: xxxxxxxx (EXP: xxxxxxxx)
=== OK MEM_DADO: xxxxxxxx (EXP: xxxxxxxx)
=== OK  RS1[20] DADO: xxxxxxxx (EXP: xxxxxxxx)
=== OK  RS2[30] DADO: xxxxxxxx (EXP: xxxxxxxx)
=== OK MEM_DADO: xxxxxxxx (EXP: xxxxxxxx)
=== OK  RS1[20] DADO: xxxxxxxx (EXP: xxxxxxxx)
=== OK  RS2[8] DADO: c2f86df6 (EXP: c2f86df6)
=== OK MEM_DADO: xxxxxxxx (EXP: xxxxxxxx)
=== OK  RS1[28] DADO: a07033b7 (EXP: a07033b7)
=== OK  RS2[10] DADO: xxxxxxxx (EXP: xxxxxxxx)
=== OK MEM_DADO: xxxxxxxx (EXP: xxxxxxxx)
=== OK  RS1[23] DADO: xxxxxxxx (EXP: xxxxxxxx)
=== OK  RS2[6] DADO: a2589e8a (EXP: a2589e8a)
=== OK MEM_DADO: xxxxxxxx (EXP: xxxxxxxx)
=== OK  RS1[19] DADO: xxxxxxxx (EXP: xxxxxxxx)
=== OK  RS2[7] DADO: xxxxxxxx (EXP: xxxxxxxx)
=== OK MEM_DADO: xxxxxxxx (EXP: xxxxxxxx)
=== OK  RS1[29] DADO: xxxxxxxx (EXP: xxxxxxxx)
=== OK  RS2[7] DADO: xxxxxxxx (EXP: xxxxxxxx)
=== OK MEM_DADO: xxxxxxxx (EXP: xxxxxxxx)
=== OK  RS1[8] DADO: c2f86df6 (EXP: c2f86df6)
=== OK  RS2[1] DADO: xxxxxxxx (EXP: xxxxxxxx)
=== OK MEM_DADO: xxxxxxxx (EXP: xxxxxxxx)
=== OK  RS1[31] DADO: xxxxxxxx (EXP: xxxxxxxx)
=== OK  RS2[17] DADO: xxxxxxxx (EXP: xxxxxxxx)
=== OK MEM_DADO: xxxxxxxx (EXP: xxxxxxxx)
=== OK  RS1[4] DADO: 1a37daa5 (EXP: 1a37daa5)
=== OK  RS2[19] DADO: xxxxxxxx (EXP: xxxxxxxx)
=== OK MEM_DADO: xxxxxxxx (EXP: xxxxxxxx)
=== OK  RS1[16] DADO: ab2958d0 (EXP: ab2958d0)
=== OK  RS2[17] DADO: xxxxxxxx (EXP: xxxxxxxx)
=== OK MEM_DADO: xxxxxxxx (EXP: xxxxxxxx)
Testbench finalizado com sucesso.
tb.v:201: $finish called at 1010000 (1ps)
