VCD info: dumpfile saida.vcd opened for output.
Iniciando Testbench...
Total de linhas lidas: 20
=== OK  RS1[4] DADO: xxxxxxxx (EXP: xxxxxxxx)
=== OK  RS2[31] DADO: xxxxxxxx (EXP: xxxxxxxx)
=== OK MEM_DADO: xxxxxxxx (EXP: xxxxxxxx)
=== OK  RS1[9] DADO: xxxxxxxx (EXP: xxxxxxxx)
=== OK  RS2[27] DADO: xxxxxxxx (EXP: xxxxxxxx)
=== OK MEM_DADO: xxxxxxxx (EXP: xxxxxxxx)
=== OK  RS1[12] DADO: xxxxxxxx (EXP: xxxxxxxx)
=== OK  RS2[21] DADO: xxxxxxxx (EXP: xxxxxxxx)
=== OK MEM_DADO: xxxxxxxx (EXP: xxxxxxxx)
=== OK  RS1[15] DADO: xxxxxxxx (EXP: xxxxxxxx)
=== OK  RS2[18] DADO: a347ed39 (EXP: a347ed39)
=== OK MEM_DADO: xxxxxxxx (EXP: xxxxxxxx)
=== OK  RS1[27] DADO: xxxxxxxx (EXP: xxxxxxxx)
=== OK  RS2[28] DADO: xxxxxxxx (EXP: xxxxxxxx)
=== OK MEM_DADO: xxxxxxxx (EXP: xxxxxxxx)
=== OK  RS1[0] DADO: 00000000 (EXP: 00000000)
=== OK  RS2[26] DADO: xxxxxxxx (EXP: xxxxxxxx)
=== OK MEM_DADO: xxxxxxxx (EXP: xxxxxxxx)
=== OK  RS1[0] DADO: 00000000 (EXP: 00000000)
=== OK  RS2[7] DADO: xxxxxxxx (EXP: xxxxxxxx)
=== OK MEM_DADO: xxxxxxxx (EXP: xxxxxxxx)
=== OK  RS1[16] DADO: xxxxxxxx (EXP: xxxxxxxx)
=== OK  RS2[26] DADO: xxxxxxxx (EXP: xxxxxxxx)
=== OK MEM_DADO: xxxxxxxx (EXP: xxxxxxxx)
=== OK  RS1[24] DADO: xxxxxxxx (EXP: xxxxxxxx)
=== OK  RS2[6] DADO: xxxxxxxx (EXP: xxxxxxxx)
=== OK MEM_DADO: xxxxxxxx (EXP: xxxxxxxx)
=== OK  RS1[24] DADO: xxxxxxxx (EXP: xxxxxxxx)
=== OK  RS2[17] DADO: xxxxxxxx (EXP: xxxxxxxx)
=== OK MEM_DADO: xxxxxxxx (EXP: xxxxxxxx)
=== OK  RS1[7] DADO: xxxxxxxx (EXP: xxxxxxxx)
=== OK  RS2[29] DADO: xxxxxxxx (EXP: xxxxxxxx)
=== OK MEM_DADO: 87a3cc2b (EXP: 87a3cc2b)
=== OK  RS1[9] DADO: 6533d974 (EXP: 6533d974)
=== OK  RS2[18] DADO: a347ed39 (EXP: a347ed39)
=== OK MEM_DADO: xxxxxxxx (EXP: xxxxxxxx)
=== OK  RS1[3] DADO: 15ad6025 (EXP: 15ad6025)
=== OK  RS2[2] DADO: xxxxxxxx (EXP: xxxxxxxx)
=== OK MEM_DADO: xxxxxxxx (EXP: xxxxxxxx)
=== OK  RS1[5] DADO: xxxxxxxx (EXP: xxxxxxxx)
=== OK  RS2[28] DADO: xxxxxxxx (EXP: xxxxxxxx)
=== OK MEM_DADO: xxxxxxxx (EXP: xxxxxxxx)
=== OK  RS1[16] DADO: xxxxxxxx (EXP: xxxxxxxx)
=== OK  RS2[29] DADO: xxxxxxxx (EXP: xxxxxxxx)
=== OK MEM_DADO: xxxxxxxx (EXP: xxxxxxxx)
=== OK  RS1[7] DADO: xxxxxxxx (EXP: xxxxxxxx)
=== OK  RS2[31] DADO: xxxxxxxx (EXP: xxxxxxxx)
=== OK MEM_DADO: xxxxxxxx (EXP: xxxxxxxx)
=== OK  RS1[28] DADO: xxxxxxxx (EXP: xxxxxxxx)
=== OK  RS2[0] DADO: 00000000 (EXP: 00000000)
=== OK MEM_DADO: xxxxxxxx (EXP: xxxxxxxx)
=== OK  RS1[14] DADO: xxxxxxxx (EXP: xxxxxxxx)
=== OK  RS2[3] DADO: 15ad6025 (EXP: 15ad6025)
=== OK MEM_DADO: xxxxxxxx (EXP: xxxxxxxx)
=== OK  RS1[22] DADO: 0e8a7bd6 (EXP: 0e8a7bd6)
=== OK  RS2[19] DADO: xxxxxxxx (EXP: xxxxxxxx)
=== OK MEM_DADO: xxxxxxxx (EXP: xxxxxxxx)
=== OK  RS1[23] DADO: 90155182 (EXP: 90155182)
=== OK  RS2[4] DADO: d701e3e6 (EXP: d701e3e6)
=== OK MEM_DADO: xxxxxxxx (EXP: xxxxxxxx)
Testbench finalizado com sucesso.
tb.v:201: $finish called at 1010000 (1ps)
