VCD info: dumpfile saida.vcd opened for output.
Iniciando Testbench...
Total de linhas lidas: 20
=== OK  RS1[25] DADO: xxxxxxxx (EXP: xxxxxxxx)
=== OK  RS2[30] DADO: xxxxxxxx (EXP: xxxxxxxx)
=== OK MEM_DADO: xxxxxxxx (EXP: xxxxxxxx)
=== OK  RS1[29] DADO: xxxxxxxx (EXP: xxxxxxxx)
=== OK  RS2[8] DADO: xxxxxxxx (EXP: xxxxxxxx)
=== OK MEM_DADO: xxxxxxxx (EXP: xxxxxxxx)
=== OK  RS1[14] DADO: xxxxxxxx (EXP: xxxxxxxx)
=== OK  RS2[12] DADO: xxxxxxxx (EXP: xxxxxxxx)
=== OK MEM_DADO: xxxxxxxx (EXP: xxxxxxxx)
=== OK  RS1[13] DADO: xxxxxxxx (EXP: xxxxxxxx)
=== OK  RS2[19] DADO: xxxxxxxx (EXP: xxxxxxxx)
=== OK MEM_DADO: xxxxxxxx (EXP: xxxxxxxx)
=== OK  RS1[1] DADO: xxxxxxxx (EXP: xxxxxxxx)
=== OK  RS2[16] DADO: xxxxxxxx (EXP: xxxxxxxx)
=== OK MEM_DADO: xxxxxxxx (EXP: xxxxxxxx)
=== OK  RS1[15] DADO: xxxxxxxx (EXP: xxxxxxxx)
=== OK  RS2[6] DADO: xxxxxxxx (EXP: xxxxxxxx)
=== OK MEM_DADO: xxxxxxxx (EXP: xxxxxxxx)
=== OK  RS1[31] DADO: 03a2ec9c (EXP: 03a2ec9c)
=== OK  RS2[1] DADO: xxxxxxxx (EXP: xxxxxxxx)
=== OK MEM_DADO: xxxxxxxx (EXP: xxxxxxxx)
=== OK  RS1[20] DADO: xxxxxxxx (EXP: xxxxxxxx)
=== OK  RS2[22] DADO: xxxxxxxx (EXP: xxxxxxxx)
=== OK MEM_DADO: xxxxxxxx (EXP: xxxxxxxx)
=== OK  RS1[10] DADO: xxxxxxxx (EXP: xxxxxxxx)
=== OK  RS2[26] DADO: xxxxxxxx (EXP: xxxxxxxx)
=== OK MEM_DADO: xxxxxxxx (EXP: xxxxxxxx)
=== OK  RS1[7] DADO: d8f8434e (EXP: d8f8434e)
=== OK  RS2[31] DADO: 03a2ec9c (EXP: 03a2ec9c)
=== OK MEM_DADO: xxxxxxxx (EXP: xxxxxxxx)
=== OK  RS1[0] DADO: 00000000 (EXP: 00000000)
=== OK  RS2[20] DADO: xxxxxxxx (EXP: xxxxxxxx)
=== OK MEM_DADO: xxxxxxxx (EXP: xxxxxxxx)
=== OK  RS1[21] DADO: 42505a40 (EXP: 42505a40)
=== OK  RS2[2] DADO: xxxxxxxx (EXP: xxxxxxxx)
=== OK MEM_DADO: xxxxxxxx (EXP: xxxxxxxx)
=== OK  RS1[16] DADO: xxxxxxxx (EXP: xxxxxxxx)
=== OK  RS2[17] DADO: xxxxxxxx (EXP: xxxxxxxx)
=== OK MEM_DADO: xxxxxxxx (EXP: xxxxxxxx)
=== OK  RS1[19] DADO: 7047ce0d (EXP: 7047ce0d)
=== OK  RS2[30] DADO: xxxxxxxx (EXP: xxxxxxxx)
=== OK MEM_DADO: xxxxxxxx (EXP: xxxxxxxx)
=== OK  RS1[6] DADO: xxxxxxxx (EXP: xxxxxxxx)
=== OK  RS2[2] DADO: xxxxxxxx (EXP: xxxxxxxx)
=== OK MEM_DADO: xxxxxxxx (EXP: xxxxxxxx)
=== OK  RS1[8] DADO: xxxxxxxx (EXP: xxxxxxxx)
=== OK  RS2[2] DADO: xxxxxxxx (EXP: xxxxxxxx)
=== OK MEM_DADO: xxxxxxxx (EXP: xxxxxxxx)
=== OK  RS1[15] DADO: xxxxxxxx (EXP: xxxxxxxx)
=== OK  RS2[10] DADO: xxxxxxxx (EXP: xxxxxxxx)
=== OK MEM_DADO: xxxxxxxx (EXP: xxxxxxxx)
=== OK  RS1[13] DADO: xxxxxxxx (EXP: xxxxxxxx)
=== OK  RS2[5] DADO: 672fce22 (EXP: 672fce22)
=== OK MEM_DADO: xxxxxxxx (EXP: xxxxxxxx)
=== OK  RS1[20] DADO: xxxxxxxx (EXP: xxxxxxxx)
=== OK  RS2[3] DADO: e1f78a7c (EXP: e1f78a7c)
=== OK MEM_DADO: xxxxxxxx (EXP: xxxxxxxx)
=== OK  RS1[23] DADO: xxxxxxxx (EXP: xxxxxxxx)
=== OK  RS2[20] DADO: xxxxxxxx (EXP: xxxxxxxx)
=== OK MEM_DADO: xxxxxxxx (EXP: xxxxxxxx)
Testbench finalizado com sucesso.
tb.v:201: $finish called at 1010000 (1ps)
