VCD info: dumpfile saida.vcd opened for output.
Iniciando Testbench...
Total de linhas lidas: 20
=== OK  RS1[31] DADO: xxxxxxxx (EXP: xxxxxxxx)
=== OK  RS2[31] DADO: xxxxxxxx (EXP: xxxxxxxx)
=== OK MEM_DADO: xxxxxxxx (EXP: xxxxxxxx)
=== OK  RS1[28] DADO: xxxxxxxx (EXP: xxxxxxxx)
=== OK  RS2[7] DADO: xxxxxxxx (EXP: xxxxxxxx)
=== OK MEM_DADO: xxxxxxxx (EXP: xxxxxxxx)
=== OK  RS1[3] DADO: xxxxxxxx (EXP: xxxxxxxx)
=== OK  RS2[28] DADO: xxxxxxxx (EXP: xxxxxxxx)
=== OK MEM_DADO: xxxxxxxx (EXP: xxxxxxxx)
=== OK  RS1[10] DADO: xxxxxxxx (EXP: xxxxxxxx)
=== OK  RS2[13] DADO: xxxxxxxx (EXP: xxxxxxxx)
=== OK MEM_DADO: xxxxxxxx (EXP: xxxxxxxx)
=== OK  RS1[4] DADO: xxxxxxxx (EXP: xxxxxxxx)
=== OK  RS2[21] DADO: xxxxxxxx (EXP: xxxxxxxx)
=== OK MEM_DADO: xxxxxxxx (EXP: xxxxxxxx)
=== OK  RS1[14] DADO: xxxxxxxx (EXP: xxxxxxxx)
=== OK  RS2[1] DADO: xxxxxxxx (EXP: xxxxxxxx)
=== OK MEM_DADO: xxxxxxxx (EXP: xxxxxxxx)
=== OK  RS1[7] DADO: xxxxxxxx (EXP: xxxxxxxx)
=== OK  RS2[9] DADO: xxxxxxxx (EXP: xxxxxxxx)
=== OK MEM_DADO: xxxxxxxx (EXP: xxxxxxxx)
=== OK  RS1[7] DADO: xxxxxxxx (EXP: xxxxxxxx)
=== OK  RS2[19] DADO: xxxxxxxx (EXP: xxxxxxxx)
=== OK MEM_DADO: xxxxxxxx (EXP: xxxxxxxx)
=== OK  RS1[3] DADO: xxxxxxxx (EXP: xxxxxxxx)
=== OK  RS2[21] DADO: c39a8bad (EXP: c39a8bad)
=== OK MEM_DADO: xxxxxxxx (EXP: xxxxxxxx)
=== OK  RS1[14] DADO: xxxxxxxx (EXP: xxxxxxxx)
=== OK  RS2[3] DADO: xxxxxxxx (EXP: xxxxxxxx)
=== OK MEM_DADO: xxxxxxxx (EXP: xxxxxxxx)
=== OK  RS1[20] DADO: xxxxxxxx (EXP: xxxxxxxx)
=== OK  RS2[6] DADO: xxxxxxxx (EXP: xxxxxxxx)
=== OK MEM_DADO: xxxxxxxx (EXP: xxxxxxxx)
=== OK  RS1[29] DADO: xxxxxxxx (EXP: xxxxxxxx)
=== OK  RS2[30] DADO: 14ee7416 (EXP: 14ee7416)
=== OK MEM_DADO: xxxxxxxx (EXP: xxxxxxxx)
=== OK  RS1[7] DADO: xxxxxxxx (EXP: xxxxxxxx)
=== OK  RS2[24] DADO: xxxxxxxx (EXP: xxxxxxxx)
=== OK MEM_DADO: xxxxxxxx (EXP: xxxxxxxx)
=== OK  RS1[21] DADO: c39a8bad (EXP: c39a8bad)
=== OK  RS2[19] DADO: 61f4c2e9 (EXP: 61f4c2e9)
=== OK MEM_DADO: xxxxxxxx (EXP: xxxxxxxx)
=== OK  RS1[1] DADO: xxxxxxxx (EXP: xxxxxxxx)
=== OK  RS2[16] DADO: xxxxxxxx (EXP: xxxxxxxx)
=== OK MEM_DADO: xxxxxxxx (EXP: xxxxxxxx)
=== OK  RS1[12] DADO: xxxxxxxx (EXP: xxxxxxxx)
=== OK  RS2[12] DADO: xxxxxxxx (EXP: xxxxxxxx)
=== OK MEM_DADO: xxxxxxxx (EXP: xxxxxxxx)
=== OK  RS1[0] DADO: 00000000 (EXP: 00000000)
=== OK  RS2[20] DADO: xxxxxxxx (EXP: xxxxxxxx)
=== OK MEM_DADO: xxxxxxxx (EXP: xxxxxxxx)
=== OK  RS1[17] DADO: xxxxxxxx (EXP: xxxxxxxx)
=== OK  RS2[28] DADO: xxxxxxxx (EXP: xxxxxxxx)
=== OK MEM_DADO: xxxxxxxx (EXP: xxxxxxxx)
=== OK  RS1[27] DADO: xxxxxxxx (EXP: xxxxxxxx)
=== OK  RS2[30] DADO: 14ee7416 (EXP: 14ee7416)
=== OK MEM_DADO: xxxxxxxx (EXP: xxxxxxxx)
=== OK  RS1[10] DADO: xxxxxxxx (EXP: xxxxxxxx)
=== OK  RS2[24] DADO: xxxxxxxx (EXP: xxxxxxxx)
=== OK MEM_DADO: 3fea095b (EXP: 3fea095b)
Testbench finalizado com sucesso.
tb.v:201: $finish called at 1010000 (1ps)
