VCD info: dumpfile saida.vcd opened for output.
Iniciando Testbench...
Total de linhas lidas: 20
=== OK  RS1[28] DADO: xxxxxxxx (EXP: xxxxxxxx)
=== OK  RS2[7] DADO: xxxxxxxx (EXP: xxxxxxxx)
=== OK MEM_DADO: xxxxxxxx (EXP: xxxxxxxx)
=== OK  RS1[3] DADO: xxxxxxxx (EXP: xxxxxxxx)
=== OK  RS2[13] DADO: xxxxxxxx (EXP: xxxxxxxx)
=== OK MEM_DADO: xxxxxxxx (EXP: xxxxxxxx)
=== OK  RS1[27] DADO: xxxxxxxx (EXP: xxxxxxxx)
=== OK  RS2[29] DADO: xxxxxxxx (EXP: xxxxxxxx)
=== OK MEM_DADO: xxxxxxxx (EXP: xxxxxxxx)
=== OK  RS1[21] DADO: xxxxxxxx (EXP: xxxxxxxx)
=== OK  RS2[19] DADO: xxxxxxxx (EXP: xxxxxxxx)
=== OK MEM_DADO: xxxxxxxx (EXP: xxxxxxxx)
=== OK  RS1[24] DADO: xxxxxxxx (EXP: xxxxxxxx)
=== OK  RS2[21] DADO: xxxxxxxx (EXP: xxxxxxxx)
=== OK MEM_DADO: xxxxxxxx (EXP: xxxxxxxx)
=== OK  RS1[22] DADO: xxxxxxxx (EXP: xxxxxxxx)
=== OK  RS2[12] DADO: xxxxxxxx (EXP: xxxxxxxx)
=== OK MEM_DADO: xxxxxxxx (EXP: xxxxxxxx)
=== OK  RS1[7] DADO: xxxxxxxx (EXP: xxxxxxxx)
=== OK  RS2[24] DADO: xxxxxxxx (EXP: xxxxxxxx)
=== OK MEM_DADO: xxxxxxxx (EXP: xxxxxxxx)
=== OK  RS1[15] DADO: xxxxxxxx (EXP: xxxxxxxx)
=== OK  RS2[22] DADO: xxxxxxxx (EXP: xxxxxxxx)
=== OK MEM_DADO: xxxxxxxx (EXP: xxxxxxxx)
=== OK  RS1[30] DADO: xxxxxxxx (EXP: xxxxxxxx)
=== OK  RS2[6] DADO: xxxxxxxx (EXP: xxxxxxxx)
=== OK MEM_DADO: xxxxxxxx (EXP: xxxxxxxx)
=== OK  RS1[8] DADO: xxxxxxxx (EXP: xxxxxxxx)
=== OK  RS2[21] DADO: xxxxxxxx (EXP: xxxxxxxx)
=== OK MEM_DADO: xxxxxxxx (EXP: xxxxxxxx)
=== OK  RS1[20] DADO: xxxxxxxx (EXP: xxxxxxxx)
=== OK  RS2[10] DADO: e9693e5a (EXP: e9693e5a)
=== OK MEM_DADO: xxxxxxxx (EXP: xxxxxxxx)
=== OK  RS1[21] DADO: xxxxxxxx (EXP: xxxxxxxx)
=== OK  RS2[16] DADO: xxxxxxxx (EXP: xxxxxxxx)
=== OK MEM_DADO: xxxxxxxx (EXP: xxxxxxxx)
=== OK  RS1[6] DADO: xxxxxxxx (EXP: xxxxxxxx)
=== OK  RS2[12] DADO: xxxxxxxx (EXP: xxxxxxxx)
=== OK MEM_DADO: xxxxxxxx (EXP: xxxxxxxx)
=== OK  RS1[27] DADO: xxxxxxxx (EXP: xxxxxxxx)
=== OK  RS2[24] DADO: xxxxxxxx (EXP: xxxxxxxx)
=== OK MEM_DADO: xxxxxxxx (EXP: xxxxxxxx)
=== OK  RS1[28] DADO: xxxxxxxx (EXP: xxxxxxxx)
=== OK  RS2[25] DADO: xxxxxxxx (EXP: xxxxxxxx)
=== OK MEM_DADO: xxxxxxxx (EXP: xxxxxxxx)
=== OK  RS1[26] DADO: xxxxxxxx (EXP: xxxxxxxx)
=== OK  RS2[12] DADO: xxxxxxxx (EXP: xxxxxxxx)
=== OK MEM_DADO: xxxxxxxx (EXP: xxxxxxxx)
=== OK  RS1[30] DADO: xxxxxxxx (EXP: xxxxxxxx)
=== OK  RS2[3] DADO: xxxxxxxx (EXP: xxxxxxxx)
=== OK MEM_DADO: xxxxxxxx (EXP: xxxxxxxx)
=== OK  RS1[13] DADO: xxxxxxxx (EXP: xxxxxxxx)
=== OK  RS2[4] DADO: efc4e128 (EXP: efc4e128)
=== OK MEM_DADO: xxxxxxxx (EXP: xxxxxxxx)
=== OK  RS1[6] DADO: xxxxxxxx (EXP: xxxxxxxx)
=== OK  RS2[2] DADO: xxxxxxxx (EXP: xxxxxxxx)
=== OK MEM_DADO: xxxxxxxx (EXP: xxxxxxxx)
=== OK  RS1[25] DADO: xxxxxxxx (EXP: xxxxxxxx)
=== OK  RS2[20] DADO: xxxxxxxx (EXP: xxxxxxxx)
=== OK MEM_DADO: xxxxxxxx (EXP: xxxxxxxx)
Testbench finalizado com sucesso.
tb.v:201: $finish called at 1010000 (1ps)
