VCD info: dumpfile saida.vcd opened for output.
Iniciando Testbench...
Total de linhas lidas: 20
=== OK  RS1[26] DADO: xxxxxxxx (EXP: xxxxxxxx)
=== OK  RS2[28] DADO: xxxxxxxx (EXP: xxxxxxxx)
=== OK MEM_DADO: xxxxxxxx (EXP: xxxxxxxx)
=== OK  RS1[18] DADO: xxxxxxxx (EXP: xxxxxxxx)
=== OK  RS2[13] DADO: xxxxxxxx (EXP: xxxxxxxx)
=== OK MEM_DADO: xxxxxxxx (EXP: xxxxxxxx)
=== OK  RS1[19] DADO: xxxxxxxx (EXP: xxxxxxxx)
=== OK  RS2[15] DADO: xxxxxxxx (EXP: xxxxxxxx)
=== OK MEM_DADO: xxxxxxxx (EXP: xxxxxxxx)
=== OK  RS1[22] DADO: xxxxxxxx (EXP: xxxxxxxx)
=== OK  RS2[15] DADO: xxxxxxxx (EXP: xxxxxxxx)
=== OK MEM_DADO: xxxxxxxx (EXP: xxxxxxxx)
=== OK  RS1[28] DADO: xxxxxxxx (EXP: xxxxxxxx)
=== OK  RS2[23] DADO: xxxxxxxx (EXP: xxxxxxxx)
=== OK MEM_DADO: xxxxxxxx (EXP: xxxxxxxx)
=== OK  RS1[19] DADO: xxxxxxxx (EXP: xxxxxxxx)
=== OK  RS2[29] DADO: xxxxxxxx (EXP: xxxxxxxx)
=== OK MEM_DADO: xxxxxxxx (EXP: xxxxxxxx)
=== OK  RS1[10] DADO: xxxxxxxx (EXP: xxxxxxxx)
=== OK  RS2[8] DADO: xxxxxxxx (EXP: xxxxxxxx)
=== OK MEM_DADO: xxxxxxxx (EXP: xxxxxxxx)
=== OK  RS1[18] DADO: xxxxxxxx (EXP: xxxxxxxx)
=== OK  RS2[12] DADO: xxxxxxxx (EXP: xxxxxxxx)
=== OK MEM_DADO: xxxxxxxx (EXP: xxxxxxxx)
=== OK  RS1[0] DADO: 00000000 (EXP: 00000000)
=== OK  RS2[1] DADO: xxxxxxxx (EXP: xxxxxxxx)
=== OK MEM_DADO: xxxxxxxx (EXP: xxxxxxxx)
=== OK  RS1[13] DADO: xxxxxxxx (EXP: xxxxxxxx)
=== OK  RS2[13] DADO: xxxxxxxx (EXP: xxxxxxxx)
=== OK MEM_DADO: xxxxxxxx (EXP: xxxxxxxx)
=== OK  RS1[31] DADO: xxxxxxxx (EXP: xxxxxxxx)
=== OK  RS2[30] DADO: xxxxxxxx (EXP: xxxxxxxx)
=== OK MEM_DADO: xxxxxxxx (EXP: xxxxxxxx)
=== OK  RS1[16] DADO: be40e1ee (EXP: be40e1ee)
=== OK  RS2[20] DADO: xxxxxxxx (EXP: xxxxxxxx)
=== OK MEM_DADO: xxxxxxxx (EXP: xxxxxxxx)
=== OK  RS1[5] DADO: xxxxxxxx (EXP: xxxxxxxx)
=== OK  RS2[27] DADO: xxxxxxxx (EXP: xxxxxxxx)
=== OK MEM_DADO: xxxxxxxx (EXP: xxxxxxxx)
=== OK  RS1[27] DADO: xxxxxxxx (EXP: xxxxxxxx)
=== OK  RS2[5] DADO: xxxxxxxx (EXP: xxxxxxxx)
=== OK MEM_DADO: xxxxxxxx (EXP: xxxxxxxx)
=== OK  RS1[24] DADO: xxxxxxxx (EXP: xxxxxxxx)
=== OK  RS2[5] DADO: xxxxxxxx (EXP: xxxxxxxx)
=== OK MEM_DADO: xxxxxxxx (EXP: xxxxxxxx)
=== OK  RS1[13] DADO: xxxxxxxx (EXP: xxxxxxxx)
=== OK  RS2[20] DADO: xxxxxxxx (EXP: xxxxxxxx)
=== OK MEM_DADO: xxxxxxxx (EXP: xxxxxxxx)
=== OK  RS1[0] DADO: 00000000 (EXP: 00000000)
=== OK  RS2[0] DADO: 00000000 (EXP: 00000000)
=== OK MEM_DADO: xxxxxxxx (EXP: xxxxxxxx)
=== OK  RS1[24] DADO: xxxxxxxx (EXP: xxxxxxxx)
=== OK  RS2[23] DADO: xxxxxxxx (EXP: xxxxxxxx)
=== OK MEM_DADO: xxxxxxxx (EXP: xxxxxxxx)
=== OK  RS1[5] DADO: xxxxxxxx (EXP: xxxxxxxx)
=== OK  RS2[31] DADO: xxxxxxxx (EXP: xxxxxxxx)
=== OK MEM_DADO: xxxxxxxx (EXP: xxxxxxxx)
=== OK  RS1[23] DADO: xxxxxxxx (EXP: xxxxxxxx)
=== OK  RS2[31] DADO: xxxxxxxx (EXP: xxxxxxxx)
=== OK MEM_DADO: xxxxxxxx (EXP: xxxxxxxx)
Testbench finalizado com sucesso.
tb.v:201: $finish called at 1010000 (1ps)
